﻿
> client@0.0.0 build
> tsc && vite build

[36mvite v5.4.21 [32mbuilding for production...[36m[39m
transforming...
[32mΓ£ô[39m 2552 modules transformed.
node.exe : [31mx[39m Build failed 
in 4.30s
At C:\Program 
Files\nodejs\npm.ps1:29 char:3
+   & $NODE_EXE $NPM_CLI_JS $args
+   ~~~~~~~~~~~~~~~~~~~~~~~~~~~~~
    + CategoryInfo          : NotSpe 
   cified: ([31mx[39m Build faile  
  d in 4.30s:String) [], RemoteExc   
 eption
    + FullyQualifiedErrorId : Native 
   CommandError
 
[31merror during build:
[31msrc/pages/LoginPage.tsx (5:9): 
"LoginSchema" is not exported by "../
../packages/shared/dist/index.js", 
imported by 
"src/pages/LoginPage.tsx".[31m
file: [36mC:/Users/ganap/OneDrive/De
sktop/Vitasoft/secure-task-dashboard/
apps/client/src/pages/LoginPage.tsx:5
:9[31m
[33m
3: import { zodResolver } from 
"@hookform/resolvers/zod";
4: import { Link, useNavigate } from 
"react-router-dom";
5: import { LoginSchema, type 
LoginRequest } from "@repo/shared";
            ^
6: import { useAuth } from 
"../context/AuthContext";
7: import { apiClient } from 
"../lib/api-client";
[31m
    at getRollupError (file:///C:/Use
rs/ganap/OneDrive/Desktop/Vitasoft/se
cure-task-dashboard/node_modules/roll
up/dist/es/shared/parseAst.js:402:41)
    at error (file:///C:/Users/ganap/
OneDrive/Desktop/Vitasoft/secure-task
-dashboard/node_modules/rollup/dist/e
s/shared/parseAst.js:398:42)
    at Module.error (file:///C:/Users
/ganap/OneDrive/Desktop/Vitasoft/secu
re-task-dashboard/node_modules/rollup
/dist/es/shared/node-entry.js:17040:1
6)
    at Module.traceVariable (file:///
C:/Users/ganap/OneDrive/Desktop/Vitas
oft/secure-task-dashboard/node_module
s/rollup/dist/es/shared/node-entry.js
:17452:29)
    at ModuleScope.findVariable (file
:///C:/Users/ganap/OneDrive/Desktop/V
itasoft/secure-task-dashboard/node_mo
dules/rollup/dist/es/shared/node-entr
y.js:15070:39)
    at ReturnValueScope.findVariable 
(file:///C:/Users/ganap/OneDrive/Desk
top/Vitasoft/secure-task-dashboard/no
de_modules/rollup/dist/es/shared/node
-entry.js:5673:38)
    at 
FunctionBodyScope.findVariable (file:
///C:/Users/ganap/OneDrive/Desktop/Vi
tasoft/secure-task-dashboard/node_mod
ules/rollup/dist/es/shared/node-entry
.js:5673:38)
    at Identifier.bind (file:///C:/Us
ers/ganap/OneDrive/Desktop/Vitasoft/s
ecure-task-dashboard/node_modules/rol
lup/dist/es/shared/node-entry.js:5447
:40)
    at CallExpression.bind (file:///C
:/Users/ganap/OneDrive/Desktop/Vitaso
ft/secure-task-dashboard/node_modules
/rollup/dist/es/shared/node-entry.js:
2825:28)
    at CallExpression.bind (file:///C
:/Users/ganap/OneDrive/Desktop/Vitaso
ft/secure-task-dashboard/node_modules
/rollup/dist/es/shared/node-entry.js:
12179:15)[39m
npm error Lifecycle script `build` 
failed with error:
npm error code 1
npm error path C:\Users\ganap\OneDriv
e\Desktop\Vitasoft\secure-task-dashbo
ard\apps\client
npm error workspace client@0.0.0
npm error location C:\Users\ganap\One
Drive\Desktop\Vitasoft\secure-task-da
shboard\apps\client
npm error command failed
npm error command 
C:\WINDOWS\system32\cmd.exe /d /s /c 
tsc && vite build
